**** Easy but Specific *****
Sin embargo,
without (IN) confiscate (JJ) 

**** Easy but Specific *****
el personal
the (DT) personal (JJ)

**** Easy but Specific *****
puerto aéreo



por lo que problamente
for (IN) that (DT) which (WDT) is (VBZ) that (IN) probably (RB)

Difficult One:
corroborado por el mismo personal
corroborated (VBN) for (IN) the (DT) same (JJ) personal (JJ)